// Jest Snapshot v1, https://goo.gl/fbAQLP

exports[`layouts/default/layout empty cart matches snapshot 1`] = `
Array [
  <div
    className="sc-AxirZ eWvgOi"
  >
    <header
      className="MuiPaper-root MuiAppBar-root MuiAppBar-positionFixed MuiAppBar-colorPrimary mui-fixed MuiPaper-elevation4"
    >
      <div
        className="MuiToolbar-root MuiToolbar-regular MuiToolbar-gutters"
      >
        <button
          aria-label="menu"
          className="MuiButtonBase-root MuiIconButton-root makeStyles-menuButton-1 MuiIconButton-colorInherit MuiIconButton-edgeStart"
          disabled={false}
          onBlur={[Function]}
          onDragLeave={[Function]}
          onFocus={[Function]}
          onKeyDown={[Function]}
          onKeyUp={[Function]}
          onMouseDown={[Function]}
          onMouseLeave={[Function]}
          onMouseUp={[Function]}
          onTouchEnd={[Function]}
          onTouchMove={[Function]}
          onTouchStart={[Function]}
          tabIndex={0}
          type="button"
        >
          <span
            className="MuiIconButton-label"
          >
            <a
              href="/"
            >
              <svg
                aria-hidden={true}
                className="MuiSvgIcon-root"
                focusable="false"
                viewBox="0 0 24 24"
              >
                <path
                  d="M10 20v-6h4v6h5v-8h3L12 3 2 12h3v8z"
                />
              </svg>
            </a>
          </span>
        </button>
        <h6
          className="MuiTypography-root makeStyles-title-2 MuiTypography-h6"
        >
          Sample Site Title
        </h6>
        <button
          className="MuiButtonBase-root MuiButton-root MuiButton-text MuiButton-colorInherit"
          disabled={false}
          onBlur={[Function]}
          onClick={[Function]}
          onDragLeave={[Function]}
          onFocus={[Function]}
          onKeyDown={[Function]}
          onKeyUp={[Function]}
          onMouseDown={[Function]}
          onMouseLeave={[Function]}
          onMouseUp={[Function]}
          onTouchEnd={[Function]}
          onTouchMove={[Function]}
          onTouchStart={[Function]}
          tabIndex={0}
          type="button"
        >
          <span
            className="MuiButton-label"
          >
            Cart 
            <span
              className="MuiBadge-root"
            >
              <svg
                aria-hidden={true}
                className="MuiSvgIcon-root"
                focusable="false"
                viewBox="0 0 24 24"
              >
                <path
                  d="M7 18c-1.1 0-1.99.9-1.99 2S5.9 22 7 22s2-.9 2-2-.9-2-2-2zM1 2v2h2l3.6 7.59-1.35 2.45c-.16.28-.25.61-.25.96 0 1.1.9 2 2 2h12v-2H7.42c-.14 0-.25-.11-.25-.25l.03-.12.9-1.63h7.45c.75 0 1.41-.41 1.75-1.03l3.58-6.49c.08-.14.12-.31.12-.48 0-.55-.45-1-1-1H5.21l-.94-2H1zm16 16c-1.1 0-1.99.9-1.99 2s.89 2 1.99 2 2-.9 2-2-.9-2-2-2z"
                />
              </svg>
              <span
                className="MuiBadge-badge MuiBadge-anchorOriginTopRightRectangle MuiBadge-colorSecondary MuiBadge-invisible"
              >
                0
              </span>
            </span>
          </span>
        </button>
      </div>
    </header>
  </div>,
  <div
    className="MuiContainer-root MuiContainer-maxWidthLg"
  >
    <main
      style={
        Object {
          "marginTop": "72px",
        }
      }
    >
      
Lorem ipsum dolor sit amet, consectetur adipiscing elit. Donec vel dictum augue. Etiam egestas et metus sed blandit. Interdum et malesuada fames ac ante ipsum primis in faucibus. Mauris interdum tincidunt lacus et eleifend. Fusce convallis magna sit amet elit finibus pharetra. Vivamus dapibus sit amet nulla ut eleifend. Integer elementum, quam a convallis malesuada, ante eros maximus sapien, ac fringilla massa sapien non risus. Nunc eget vestibulum nunc. Phasellus mattis, erat a mattis ultrices, nulla erat laoreet quam, non eleifend dui diam quis elit. Donec sagittis vestibulum turpis sit amet scelerisque. Curabitur cursus et nisl eget mollis. Pellentesque tincidunt pretium felis non tempor. Ut tempus porttitor augue id elementum. Vestibulum finibus tempus neque, vel sagittis metus pellentesque sit amet. Curabitur ut sapien at ante maximus sollicitudin. Suspendisse potenti.
Pellentesque facilisis pharetra lorem nec tincidunt. Nunc et sagittis mi, eget volutpat nisi. Sed et nisi vitae augue hendrerit faucibus sit amet vel est. Integer accumsan mi bibendum finibus feugiat. Aenean ac interdum ipsum. Maecenas vitae tempor odio, ut euismod neque. Mauris ullamcorper suscipit magna a fringilla. Nulla et neque tincidunt, efficitur neque et, suscipit ligula. Aliquam non lorem a libero euismod suscipit. Ut faucibus suscipit dignissim. Suspendisse tincidunt facilisis commodo. Nunc nulla nunc, ornare id nulla in, condimentum auctor neque.
Vivamus at diam euismod, aliquet augue in, ornare diam. Phasellus posuere justo eu purus scelerisque eleifend. Proin eu ipsum volutpat, porta sapien quis, lobortis orci. Sed aliquam in velit at bibendum. In scelerisque, urna eget sollicitudin mollis, eros quam tristique mauris, nec ultricies libero orci vitae diam. Duis dictum pretium massa vel tincidunt. Quisque id semper sem. Orci varius natoque penatibus et magnis dis parturient montes, nascetur ridiculus mus. Fusce purus enim, hendrerit eget ullamcorper nec, condimentum quis libero. In porta sodales orci, et vestibulum est congue quis. Vestibulum quis ipsum sapien.
Curabitur nec tincidunt tortor. Nunc quis ante efficitur, laoreet lectus ut, faucibus libero. Sed commodo magna non molestie semper. Class aptent taciti sociosqu ad litora torquent per conubia nostra, per inceptos himenaeos. Praesent venenatis dignissim libero vitae placerat. Curabitur mollis nibh id odio fringilla suscipit. Etiam aliquam nibh nibh, eget venenatis dolor laoreet id. Quisque erat dolor, malesuada a justo et, tempor vestibulum enim. Phasellus id nisl vitae metus condimentum sagittis. Integer semper interdum mattis. Sed vulputate leo sit amet arcu dignissim tempor non interdum massa. Curabitur vitae aliquet tortor, et sagittis mauris. Integer pharetra erat nec ex bibendum luctus. Suspendisse nulla dui, venenatis eu massa id, porta suscipit tellus. Pellentesque quis enim vehicula, eleifend lacus a, bibendum justo. Phasellus tristique metus eu lorem luctus, ac sollicitudin ante accumsan.
Suspendisse malesuada ornare dui in varius. Sed vel ullamcorper nunc, at porttitor eros. Nam et nisi vitae dolor luctus placerat non in arcu. Ut finibus condimentum turpis, nec consequat lacus tempus id. Sed vitae justo non nulla aliquam eleifend. In ut efficitur diam. Nam pulvinar mauris ullamcorper pulvinar porttitor. Vestibulum consectetur porttitor aliquet. Vestibulum tellus ante, maximus at orci nec, blandit fringilla elit.

    </main>
  </div>,
  <footer />,
]
`;

exports[`layouts/default/layout error matches snapshot 1`] = `
Array [
  <div
    className="sc-AxirZ eWvgOi"
  >
    <header
      className="MuiPaper-root MuiAppBar-root MuiAppBar-positionFixed MuiAppBar-colorPrimary mui-fixed MuiPaper-elevation4"
    >
      <div
        className="MuiToolbar-root MuiToolbar-regular MuiToolbar-gutters"
      >
        <button
          aria-label="menu"
          className="MuiButtonBase-root MuiIconButton-root makeStyles-menuButton-1 MuiIconButton-colorInherit MuiIconButton-edgeStart"
          disabled={false}
          onBlur={[Function]}
          onDragLeave={[Function]}
          onFocus={[Function]}
          onKeyDown={[Function]}
          onKeyUp={[Function]}
          onMouseDown={[Function]}
          onMouseLeave={[Function]}
          onMouseUp={[Function]}
          onTouchEnd={[Function]}
          onTouchMove={[Function]}
          onTouchStart={[Function]}
          tabIndex={0}
          type="button"
        >
          <span
            className="MuiIconButton-label"
          >
            <a
              href="/"
            >
              <svg
                aria-hidden={true}
                className="MuiSvgIcon-root"
                focusable="false"
                viewBox="0 0 24 24"
              >
                <path
                  d="M10 20v-6h4v6h5v-8h3L12 3 2 12h3v8z"
                />
              </svg>
            </a>
          </span>
        </button>
        <h6
          className="MuiTypography-root makeStyles-title-2 MuiTypography-h6"
        >
          Sample Site Title
        </h6>
        <button
          className="MuiButtonBase-root MuiButton-root MuiButton-text MuiButton-colorInherit"
          disabled={false}
          onBlur={[Function]}
          onClick={[Function]}
          onDragLeave={[Function]}
          onFocus={[Function]}
          onKeyDown={[Function]}
          onKeyUp={[Function]}
          onMouseDown={[Function]}
          onMouseLeave={[Function]}
          onMouseUp={[Function]}
          onTouchEnd={[Function]}
          onTouchMove={[Function]}
          onTouchStart={[Function]}
          tabIndex={0}
          type="button"
        >
          <span
            className="MuiButton-label"
          >
            Cart 
            <span
              className="MuiBadge-root"
            >
              <svg
                aria-hidden={true}
                className="MuiSvgIcon-root"
                focusable="false"
                viewBox="0 0 24 24"
              >
                <path
                  d="M7 18c-1.1 0-1.99.9-1.99 2S5.9 22 7 22s2-.9 2-2-.9-2-2-2zM1 2v2h2l3.6 7.59-1.35 2.45c-.16.28-.25.61-.25.96 0 1.1.9 2 2 2h12v-2H7.42c-.14 0-.25-.11-.25-.25l.03-.12.9-1.63h7.45c.75 0 1.41-.41 1.75-1.03l3.58-6.49c.08-.14.12-.31.12-.48 0-.55-.45-1-1-1H5.21l-.94-2H1zm16 16c-1.1 0-1.99.9-1.99 2s.89 2 1.99 2 2-.9 2-2-.9-2-2-2z"
                />
              </svg>
              <span
                className="MuiBadge-badge MuiBadge-anchorOriginTopRightRectangle MuiBadge-colorSecondary"
              >
                3
              </span>
            </span>
          </span>
        </button>
      </div>
    </header>
  </div>,
  <div
    className="MuiContainer-root MuiContainer-maxWidthLg"
  >
    <main
      style={
        Object {
          "marginTop": "72px",
        }
      }
    >
      
Lorem ipsum dolor sit amet, consectetur adipiscing elit. Donec vel dictum augue. Etiam egestas et metus sed blandit. Interdum et malesuada fames ac ante ipsum primis in faucibus. Mauris interdum tincidunt lacus et eleifend. Fusce convallis magna sit amet elit finibus pharetra. Vivamus dapibus sit amet nulla ut eleifend. Integer elementum, quam a convallis malesuada, ante eros maximus sapien, ac fringilla massa sapien non risus. Nunc eget vestibulum nunc. Phasellus mattis, erat a mattis ultrices, nulla erat laoreet quam, non eleifend dui diam quis elit. Donec sagittis vestibulum turpis sit amet scelerisque. Curabitur cursus et nisl eget mollis. Pellentesque tincidunt pretium felis non tempor. Ut tempus porttitor augue id elementum. Vestibulum finibus tempus neque, vel sagittis metus pellentesque sit amet. Curabitur ut sapien at ante maximus sollicitudin. Suspendisse potenti.
Pellentesque facilisis pharetra lorem nec tincidunt. Nunc et sagittis mi, eget volutpat nisi. Sed et nisi vitae augue hendrerit faucibus sit amet vel est. Integer accumsan mi bibendum finibus feugiat. Aenean ac interdum ipsum. Maecenas vitae tempor odio, ut euismod neque. Mauris ullamcorper suscipit magna a fringilla. Nulla et neque tincidunt, efficitur neque et, suscipit ligula. Aliquam non lorem a libero euismod suscipit. Ut faucibus suscipit dignissim. Suspendisse tincidunt facilisis commodo. Nunc nulla nunc, ornare id nulla in, condimentum auctor neque.
Vivamus at diam euismod, aliquet augue in, ornare diam. Phasellus posuere justo eu purus scelerisque eleifend. Proin eu ipsum volutpat, porta sapien quis, lobortis orci. Sed aliquam in velit at bibendum. In scelerisque, urna eget sollicitudin mollis, eros quam tristique mauris, nec ultricies libero orci vitae diam. Duis dictum pretium massa vel tincidunt. Quisque id semper sem. Orci varius natoque penatibus et magnis dis parturient montes, nascetur ridiculus mus. Fusce purus enim, hendrerit eget ullamcorper nec, condimentum quis libero. In porta sodales orci, et vestibulum est congue quis. Vestibulum quis ipsum sapien.
Curabitur nec tincidunt tortor. Nunc quis ante efficitur, laoreet lectus ut, faucibus libero. Sed commodo magna non molestie semper. Class aptent taciti sociosqu ad litora torquent per conubia nostra, per inceptos himenaeos. Praesent venenatis dignissim libero vitae placerat. Curabitur mollis nibh id odio fringilla suscipit. Etiam aliquam nibh nibh, eget venenatis dolor laoreet id. Quisque erat dolor, malesuada a justo et, tempor vestibulum enim. Phasellus id nisl vitae metus condimentum sagittis. Integer semper interdum mattis. Sed vulputate leo sit amet arcu dignissim tempor non interdum massa. Curabitur vitae aliquet tortor, et sagittis mauris. Integer pharetra erat nec ex bibendum luctus. Suspendisse nulla dui, venenatis eu massa id, porta suscipit tellus. Pellentesque quis enim vehicula, eleifend lacus a, bibendum justo. Phasellus tristique metus eu lorem luctus, ac sollicitudin ante accumsan.
Suspendisse malesuada ornare dui in varius. Sed vel ullamcorper nunc, at porttitor eros. Nam et nisi vitae dolor luctus placerat non in arcu. Ut finibus condimentum turpis, nec consequat lacus tempus id. Sed vitae justo non nulla aliquam eleifend. In ut efficitur diam. Nam pulvinar mauris ullamcorper pulvinar porttitor. Vestibulum consectetur porttitor aliquet. Vestibulum tellus ante, maximus at orci nec, blandit fringilla elit.

    </main>
  </div>,
  <footer />,
]
`;

exports[`layouts/default/layout fetching matches snapshot 1`] = `
Array [
  <div
    className="sc-AxirZ eWvgOi"
  >
    <header
      className="MuiPaper-root MuiAppBar-root MuiAppBar-positionFixed MuiAppBar-colorPrimary mui-fixed MuiPaper-elevation4"
    >
      <div
        className="MuiToolbar-root MuiToolbar-regular MuiToolbar-gutters"
      >
        <button
          aria-label="menu"
          className="MuiButtonBase-root MuiIconButton-root makeStyles-menuButton-1 MuiIconButton-colorInherit MuiIconButton-edgeStart"
          disabled={false}
          onBlur={[Function]}
          onDragLeave={[Function]}
          onFocus={[Function]}
          onKeyDown={[Function]}
          onKeyUp={[Function]}
          onMouseDown={[Function]}
          onMouseLeave={[Function]}
          onMouseUp={[Function]}
          onTouchEnd={[Function]}
          onTouchMove={[Function]}
          onTouchStart={[Function]}
          tabIndex={0}
          type="button"
        >
          <span
            className="MuiIconButton-label"
          >
            <a
              href="/"
            >
              <svg
                aria-hidden={true}
                className="MuiSvgIcon-root"
                focusable="false"
                viewBox="0 0 24 24"
              >
                <path
                  d="M10 20v-6h4v6h5v-8h3L12 3 2 12h3v8z"
                />
              </svg>
            </a>
          </span>
          <span
            className="MuiTouchRipple-root"
          />
        </button>
        <h6
          className="MuiTypography-root makeStyles-title-2 MuiTypography-h6"
        >
          Sample Site Title
        </h6>
        <button
          className="MuiButtonBase-root MuiButton-root MuiButton-text MuiButton-colorInherit"
          disabled={false}
          onBlur={[Function]}
          onClick={[Function]}
          onDragLeave={[Function]}
          onFocus={[Function]}
          onKeyDown={[Function]}
          onKeyUp={[Function]}
          onMouseDown={[Function]}
          onMouseLeave={[Function]}
          onMouseUp={[Function]}
          onTouchEnd={[Function]}
          onTouchMove={[Function]}
          onTouchStart={[Function]}
          tabIndex={0}
          type="button"
        >
          <span
            className="MuiButton-label"
          >
            Cart 
            <span
              className="MuiBadge-root"
            >
              <svg
                aria-hidden={true}
                className="MuiSvgIcon-root"
                focusable="false"
                viewBox="0 0 24 24"
              >
                <path
                  d="M7 18c-1.1 0-1.99.9-1.99 2S5.9 22 7 22s2-.9 2-2-.9-2-2-2zM1 2v2h2l3.6 7.59-1.35 2.45c-.16.28-.25.61-.25.96 0 1.1.9 2 2 2h12v-2H7.42c-.14 0-.25-.11-.25-.25l.03-.12.9-1.63h7.45c.75 0 1.41-.41 1.75-1.03l3.58-6.49c.08-.14.12-.31.12-.48 0-.55-.45-1-1-1H5.21l-.94-2H1zm16 16c-1.1 0-1.99.9-1.99 2s.89 2 1.99 2 2-.9 2-2-.9-2-2-2z"
                />
              </svg>
              <span
                className="MuiBadge-badge MuiBadge-anchorOriginTopRightRectangle MuiBadge-colorSecondary"
              >
                3
              </span>
            </span>
          </span>
          <span
            className="MuiTouchRipple-root"
          />
        </button>
      </div>
    </header>
  </div>,
  <div
    className="MuiContainer-root MuiContainer-maxWidthLg"
  >
    <main
      style={
        Object {
          "marginTop": "72px",
        }
      }
    >
      
Lorem ipsum dolor sit amet, consectetur adipiscing elit. Donec vel dictum augue. Etiam egestas et metus sed blandit. Interdum et malesuada fames ac ante ipsum primis in faucibus. Mauris interdum tincidunt lacus et eleifend. Fusce convallis magna sit amet elit finibus pharetra. Vivamus dapibus sit amet nulla ut eleifend. Integer elementum, quam a convallis malesuada, ante eros maximus sapien, ac fringilla massa sapien non risus. Nunc eget vestibulum nunc. Phasellus mattis, erat a mattis ultrices, nulla erat laoreet quam, non eleifend dui diam quis elit. Donec sagittis vestibulum turpis sit amet scelerisque. Curabitur cursus et nisl eget mollis. Pellentesque tincidunt pretium felis non tempor. Ut tempus porttitor augue id elementum. Vestibulum finibus tempus neque, vel sagittis metus pellentesque sit amet. Curabitur ut sapien at ante maximus sollicitudin. Suspendisse potenti.
Pellentesque facilisis pharetra lorem nec tincidunt. Nunc et sagittis mi, eget volutpat nisi. Sed et nisi vitae augue hendrerit faucibus sit amet vel est. Integer accumsan mi bibendum finibus feugiat. Aenean ac interdum ipsum. Maecenas vitae tempor odio, ut euismod neque. Mauris ullamcorper suscipit magna a fringilla. Nulla et neque tincidunt, efficitur neque et, suscipit ligula. Aliquam non lorem a libero euismod suscipit. Ut faucibus suscipit dignissim. Suspendisse tincidunt facilisis commodo. Nunc nulla nunc, ornare id nulla in, condimentum auctor neque.
Vivamus at diam euismod, aliquet augue in, ornare diam. Phasellus posuere justo eu purus scelerisque eleifend. Proin eu ipsum volutpat, porta sapien quis, lobortis orci. Sed aliquam in velit at bibendum. In scelerisque, urna eget sollicitudin mollis, eros quam tristique mauris, nec ultricies libero orci vitae diam. Duis dictum pretium massa vel tincidunt. Quisque id semper sem. Orci varius natoque penatibus et magnis dis parturient montes, nascetur ridiculus mus. Fusce purus enim, hendrerit eget ullamcorper nec, condimentum quis libero. In porta sodales orci, et vestibulum est congue quis. Vestibulum quis ipsum sapien.
Curabitur nec tincidunt tortor. Nunc quis ante efficitur, laoreet lectus ut, faucibus libero. Sed commodo magna non molestie semper. Class aptent taciti sociosqu ad litora torquent per conubia nostra, per inceptos himenaeos. Praesent venenatis dignissim libero vitae placerat. Curabitur mollis nibh id odio fringilla suscipit. Etiam aliquam nibh nibh, eget venenatis dolor laoreet id. Quisque erat dolor, malesuada a justo et, tempor vestibulum enim. Phasellus id nisl vitae metus condimentum sagittis. Integer semper interdum mattis. Sed vulputate leo sit amet arcu dignissim tempor non interdum massa. Curabitur vitae aliquet tortor, et sagittis mauris. Integer pharetra erat nec ex bibendum luctus. Suspendisse nulla dui, venenatis eu massa id, porta suscipit tellus. Pellentesque quis enim vehicula, eleifend lacus a, bibendum justo. Phasellus tristique metus eu lorem luctus, ac sollicitudin ante accumsan.
Suspendisse malesuada ornare dui in varius. Sed vel ullamcorper nunc, at porttitor eros. Nam et nisi vitae dolor luctus placerat non in arcu. Ut finibus condimentum turpis, nec consequat lacus tempus id. Sed vitae justo non nulla aliquam eleifend. In ut efficitur diam. Nam pulvinar mauris ullamcorper pulvinar porttitor. Vestibulum consectetur porttitor aliquet. Vestibulum tellus ante, maximus at orci nec, blandit fringilla elit.

    </main>
  </div>,
  <footer />,
]
`;

exports[`layouts/default/layout html children matches snapshot 1`] = `
Array [
  <div
    className="sc-AxirZ eWvgOi"
  >
    <header
      className="MuiPaper-root MuiAppBar-root MuiAppBar-positionFixed MuiAppBar-colorPrimary mui-fixed MuiPaper-elevation4"
    >
      <div
        className="MuiToolbar-root MuiToolbar-regular MuiToolbar-gutters"
      >
        <button
          aria-label="menu"
          className="MuiButtonBase-root MuiIconButton-root makeStyles-menuButton-1 MuiIconButton-colorInherit MuiIconButton-edgeStart"
          disabled={false}
          onBlur={[Function]}
          onDragLeave={[Function]}
          onFocus={[Function]}
          onKeyDown={[Function]}
          onKeyUp={[Function]}
          onMouseDown={[Function]}
          onMouseLeave={[Function]}
          onMouseUp={[Function]}
          onTouchEnd={[Function]}
          onTouchMove={[Function]}
          onTouchStart={[Function]}
          tabIndex={0}
          type="button"
        >
          <span
            className="MuiIconButton-label"
          >
            <a
              href="/"
            >
              <svg
                aria-hidden={true}
                className="MuiSvgIcon-root"
                focusable="false"
                viewBox="0 0 24 24"
              >
                <path
                  d="M10 20v-6h4v6h5v-8h3L12 3 2 12h3v8z"
                />
              </svg>
            </a>
          </span>
          <span
            className="MuiTouchRipple-root"
          />
        </button>
        <h6
          className="MuiTypography-root makeStyles-title-2 MuiTypography-h6"
        >
          Sample Site Title
        </h6>
        <button
          className="MuiButtonBase-root MuiButton-root MuiButton-text MuiButton-colorInherit"
          disabled={false}
          onBlur={[Function]}
          onClick={[Function]}
          onDragLeave={[Function]}
          onFocus={[Function]}
          onKeyDown={[Function]}
          onKeyUp={[Function]}
          onMouseDown={[Function]}
          onMouseLeave={[Function]}
          onMouseUp={[Function]}
          onTouchEnd={[Function]}
          onTouchMove={[Function]}
          onTouchStart={[Function]}
          tabIndex={0}
          type="button"
        >
          <span
            className="MuiButton-label"
          >
            Cart 
            <span
              className="MuiBadge-root"
            >
              <svg
                aria-hidden={true}
                className="MuiSvgIcon-root"
                focusable="false"
                viewBox="0 0 24 24"
              >
                <path
                  d="M7 18c-1.1 0-1.99.9-1.99 2S5.9 22 7 22s2-.9 2-2-.9-2-2-2zM1 2v2h2l3.6 7.59-1.35 2.45c-.16.28-.25.61-.25.96 0 1.1.9 2 2 2h12v-2H7.42c-.14 0-.25-.11-.25-.25l.03-.12.9-1.63h7.45c.75 0 1.41-.41 1.75-1.03l3.58-6.49c.08-.14.12-.31.12-.48 0-.55-.45-1-1-1H5.21l-.94-2H1zm16 16c-1.1 0-1.99.9-1.99 2s.89 2 1.99 2 2-.9 2-2-.9-2-2-2z"
                />
              </svg>
              <span
                className="MuiBadge-badge MuiBadge-anchorOriginTopRightRectangle MuiBadge-colorSecondary"
              >
                3
              </span>
            </span>
          </span>
          <span
            className="MuiTouchRipple-root"
          />
        </button>
      </div>
    </header>
  </div>,
  <div
    className="MuiContainer-root MuiContainer-maxWidthLg"
  >
    <main
      style={
        Object {
          "marginTop": "72px",
        }
      }
    >
      <div>
        <h1>
          HTML Children
        </h1>
        <p>
          
Lorem ipsum dolor sit amet, consectetur adipiscing elit. Donec vel dictum augue. Etiam egestas et metus sed blandit. Interdum et malesuada fames ac ante ipsum primis in faucibus. Mauris interdum tincidunt lacus et eleifend. Fusce convallis magna sit amet elit finibus pharetra. Vivamus dapibus sit amet nulla ut eleifend. Integer elementum, quam a convallis malesuada, ante eros maximus sapien, ac fringilla massa sapien non risus. Nunc eget vestibulum nunc. Phasellus mattis, erat a mattis ultrices, nulla erat laoreet quam, non eleifend dui diam quis elit. Donec sagittis vestibulum turpis sit amet scelerisque. Curabitur cursus et nisl eget mollis. Pellentesque tincidunt pretium felis non tempor. Ut tempus porttitor augue id elementum. Vestibulum finibus tempus neque, vel sagittis metus pellentesque sit amet. Curabitur ut sapien at ante maximus sollicitudin. Suspendisse potenti.
Pellentesque facilisis pharetra lorem nec tincidunt. Nunc et sagittis mi, eget volutpat nisi. Sed et nisi vitae augue hendrerit faucibus sit amet vel est. Integer accumsan mi bibendum finibus feugiat. Aenean ac interdum ipsum. Maecenas vitae tempor odio, ut euismod neque. Mauris ullamcorper suscipit magna a fringilla. Nulla et neque tincidunt, efficitur neque et, suscipit ligula. Aliquam non lorem a libero euismod suscipit. Ut faucibus suscipit dignissim. Suspendisse tincidunt facilisis commodo. Nunc nulla nunc, ornare id nulla in, condimentum auctor neque.
Vivamus at diam euismod, aliquet augue in, ornare diam. Phasellus posuere justo eu purus scelerisque eleifend. Proin eu ipsum volutpat, porta sapien quis, lobortis orci. Sed aliquam in velit at bibendum. In scelerisque, urna eget sollicitudin mollis, eros quam tristique mauris, nec ultricies libero orci vitae diam. Duis dictum pretium massa vel tincidunt. Quisque id semper sem. Orci varius natoque penatibus et magnis dis parturient montes, nascetur ridiculus mus. Fusce purus enim, hendrerit eget ullamcorper nec, condimentum quis libero. In porta sodales orci, et vestibulum est congue quis. Vestibulum quis ipsum sapien.
Curabitur nec tincidunt tortor. Nunc quis ante efficitur, laoreet lectus ut, faucibus libero. Sed commodo magna non molestie semper. Class aptent taciti sociosqu ad litora torquent per conubia nostra, per inceptos himenaeos. Praesent venenatis dignissim libero vitae placerat. Curabitur mollis nibh id odio fringilla suscipit. Etiam aliquam nibh nibh, eget venenatis dolor laoreet id. Quisque erat dolor, malesuada a justo et, tempor vestibulum enim. Phasellus id nisl vitae metus condimentum sagittis. Integer semper interdum mattis. Sed vulputate leo sit amet arcu dignissim tempor non interdum massa. Curabitur vitae aliquet tortor, et sagittis mauris. Integer pharetra erat nec ex bibendum luctus. Suspendisse nulla dui, venenatis eu massa id, porta suscipit tellus. Pellentesque quis enim vehicula, eleifend lacus a, bibendum justo. Phasellus tristique metus eu lorem luctus, ac sollicitudin ante accumsan.
Suspendisse malesuada ornare dui in varius. Sed vel ullamcorper nunc, at porttitor eros. Nam et nisi vitae dolor luctus placerat non in arcu. Ut finibus condimentum turpis, nec consequat lacus tempus id. Sed vitae justo non nulla aliquam eleifend. In ut efficitur diam. Nam pulvinar mauris ullamcorper pulvinar porttitor. Vestibulum consectetur porttitor aliquet. Vestibulum tellus ante, maximus at orci nec, blandit fringilla elit.

        </p>
      </div>
    </main>
  </div>,
  <footer />,
]
`;

exports[`layouts/default/layout no children matches snapshot 1`] = `
Array [
  <div
    className="sc-AxirZ eWvgOi"
  >
    <header
      className="MuiPaper-root MuiAppBar-root MuiAppBar-positionFixed MuiAppBar-colorPrimary mui-fixed MuiPaper-elevation4"
    >
      <div
        className="MuiToolbar-root MuiToolbar-regular MuiToolbar-gutters"
      >
        <button
          aria-label="menu"
          className="MuiButtonBase-root MuiIconButton-root makeStyles-menuButton-1 MuiIconButton-colorInherit MuiIconButton-edgeStart"
          disabled={false}
          onBlur={[Function]}
          onDragLeave={[Function]}
          onFocus={[Function]}
          onKeyDown={[Function]}
          onKeyUp={[Function]}
          onMouseDown={[Function]}
          onMouseLeave={[Function]}
          onMouseUp={[Function]}
          onTouchEnd={[Function]}
          onTouchMove={[Function]}
          onTouchStart={[Function]}
          tabIndex={0}
          type="button"
        >
          <span
            className="MuiIconButton-label"
          >
            <a
              href="/"
            >
              <svg
                aria-hidden={true}
                className="MuiSvgIcon-root"
                focusable="false"
                viewBox="0 0 24 24"
              >
                <path
                  d="M10 20v-6h4v6h5v-8h3L12 3 2 12h3v8z"
                />
              </svg>
            </a>
          </span>
        </button>
        <h6
          className="MuiTypography-root makeStyles-title-2 MuiTypography-h6"
        >
          Sample Site Title
        </h6>
        <button
          className="MuiButtonBase-root MuiButton-root MuiButton-text MuiButton-colorInherit"
          disabled={false}
          onBlur={[Function]}
          onClick={[Function]}
          onDragLeave={[Function]}
          onFocus={[Function]}
          onKeyDown={[Function]}
          onKeyUp={[Function]}
          onMouseDown={[Function]}
          onMouseLeave={[Function]}
          onMouseUp={[Function]}
          onTouchEnd={[Function]}
          onTouchMove={[Function]}
          onTouchStart={[Function]}
          tabIndex={0}
          type="button"
        >
          <span
            className="MuiButton-label"
          >
            Cart 
            <span
              className="MuiBadge-root"
            >
              <svg
                aria-hidden={true}
                className="MuiSvgIcon-root"
                focusable="false"
                viewBox="0 0 24 24"
              >
                <path
                  d="M7 18c-1.1 0-1.99.9-1.99 2S5.9 22 7 22s2-.9 2-2-.9-2-2-2zM1 2v2h2l3.6 7.59-1.35 2.45c-.16.28-.25.61-.25.96 0 1.1.9 2 2 2h12v-2H7.42c-.14 0-.25-.11-.25-.25l.03-.12.9-1.63h7.45c.75 0 1.41-.41 1.75-1.03l3.58-6.49c.08-.14.12-.31.12-.48 0-.55-.45-1-1-1H5.21l-.94-2H1zm16 16c-1.1 0-1.99.9-1.99 2s.89 2 1.99 2 2-.9 2-2-.9-2-2-2z"
                />
              </svg>
              <span
                className="MuiBadge-badge MuiBadge-anchorOriginTopRightRectangle MuiBadge-colorSecondary"
              >
                3
              </span>
            </span>
          </span>
        </button>
      </div>
    </header>
  </div>,
  <div
    className="MuiContainer-root MuiContainer-maxWidthLg"
  >
    <main
      style={
        Object {
          "marginTop": "72px",
        }
      }
    />
  </div>,
  <footer />,
]
`;

exports[`layouts/default/layout no title matches snapshot 1`] = `
Array [
  <div
    className="sc-AxirZ eWvgOi"
  >
    <header
      className="MuiPaper-root MuiAppBar-root MuiAppBar-positionFixed MuiAppBar-colorPrimary mui-fixed MuiPaper-elevation4"
    >
      <div
        className="MuiToolbar-root MuiToolbar-regular MuiToolbar-gutters"
      >
        <button
          aria-label="menu"
          className="MuiButtonBase-root MuiIconButton-root makeStyles-menuButton-1 MuiIconButton-colorInherit MuiIconButton-edgeStart"
          disabled={false}
          onBlur={[Function]}
          onDragLeave={[Function]}
          onFocus={[Function]}
          onKeyDown={[Function]}
          onKeyUp={[Function]}
          onMouseDown={[Function]}
          onMouseLeave={[Function]}
          onMouseUp={[Function]}
          onTouchEnd={[Function]}
          onTouchMove={[Function]}
          onTouchStart={[Function]}
          tabIndex={0}
          type="button"
        >
          <span
            className="MuiIconButton-label"
          >
            <a
              href="/"
            >
              <svg
                aria-hidden={true}
                className="MuiSvgIcon-root"
                focusable="false"
                viewBox="0 0 24 24"
              >
                <path
                  d="M10 20v-6h4v6h5v-8h3L12 3 2 12h3v8z"
                />
              </svg>
            </a>
          </span>
          <span
            className="MuiTouchRipple-root"
          />
        </button>
        <h6
          className="MuiTypography-root makeStyles-title-2 MuiTypography-h6"
        >
          
        </h6>
        <button
          className="MuiButtonBase-root MuiButton-root MuiButton-text MuiButton-colorInherit"
          disabled={false}
          onBlur={[Function]}
          onClick={[Function]}
          onDragLeave={[Function]}
          onFocus={[Function]}
          onKeyDown={[Function]}
          onKeyUp={[Function]}
          onMouseDown={[Function]}
          onMouseLeave={[Function]}
          onMouseUp={[Function]}
          onTouchEnd={[Function]}
          onTouchMove={[Function]}
          onTouchStart={[Function]}
          tabIndex={0}
          type="button"
        >
          <span
            className="MuiButton-label"
          >
            Cart 
            <span
              className="MuiBadge-root"
            >
              <svg
                aria-hidden={true}
                className="MuiSvgIcon-root"
                focusable="false"
                viewBox="0 0 24 24"
              >
                <path
                  d="M7 18c-1.1 0-1.99.9-1.99 2S5.9 22 7 22s2-.9 2-2-.9-2-2-2zM1 2v2h2l3.6 7.59-1.35 2.45c-.16.28-.25.61-.25.96 0 1.1.9 2 2 2h12v-2H7.42c-.14 0-.25-.11-.25-.25l.03-.12.9-1.63h7.45c.75 0 1.41-.41 1.75-1.03l3.58-6.49c.08-.14.12-.31.12-.48 0-.55-.45-1-1-1H5.21l-.94-2H1zm16 16c-1.1 0-1.99.9-1.99 2s.89 2 1.99 2 2-.9 2-2-.9-2-2-2z"
                />
              </svg>
              <span
                className="MuiBadge-badge MuiBadge-anchorOriginTopRightRectangle MuiBadge-colorSecondary"
              >
                3
              </span>
            </span>
          </span>
          <span
            className="MuiTouchRipple-root"
          />
        </button>
      </div>
    </header>
  </div>,
  <div
    className="MuiContainer-root MuiContainer-maxWidthLg"
  >
    <main
      style={
        Object {
          "marginTop": "72px",
        }
      }
    >
      
Lorem ipsum dolor sit amet, consectetur adipiscing elit. Donec vel dictum augue. Etiam egestas et metus sed blandit. Interdum et malesuada fames ac ante ipsum primis in faucibus. Mauris interdum tincidunt lacus et eleifend. Fusce convallis magna sit amet elit finibus pharetra. Vivamus dapibus sit amet nulla ut eleifend. Integer elementum, quam a convallis malesuada, ante eros maximus sapien, ac fringilla massa sapien non risus. Nunc eget vestibulum nunc. Phasellus mattis, erat a mattis ultrices, nulla erat laoreet quam, non eleifend dui diam quis elit. Donec sagittis vestibulum turpis sit amet scelerisque. Curabitur cursus et nisl eget mollis. Pellentesque tincidunt pretium felis non tempor. Ut tempus porttitor augue id elementum. Vestibulum finibus tempus neque, vel sagittis metus pellentesque sit amet. Curabitur ut sapien at ante maximus sollicitudin. Suspendisse potenti.
Pellentesque facilisis pharetra lorem nec tincidunt. Nunc et sagittis mi, eget volutpat nisi. Sed et nisi vitae augue hendrerit faucibus sit amet vel est. Integer accumsan mi bibendum finibus feugiat. Aenean ac interdum ipsum. Maecenas vitae tempor odio, ut euismod neque. Mauris ullamcorper suscipit magna a fringilla. Nulla et neque tincidunt, efficitur neque et, suscipit ligula. Aliquam non lorem a libero euismod suscipit. Ut faucibus suscipit dignissim. Suspendisse tincidunt facilisis commodo. Nunc nulla nunc, ornare id nulla in, condimentum auctor neque.
Vivamus at diam euismod, aliquet augue in, ornare diam. Phasellus posuere justo eu purus scelerisque eleifend. Proin eu ipsum volutpat, porta sapien quis, lobortis orci. Sed aliquam in velit at bibendum. In scelerisque, urna eget sollicitudin mollis, eros quam tristique mauris, nec ultricies libero orci vitae diam. Duis dictum pretium massa vel tincidunt. Quisque id semper sem. Orci varius natoque penatibus et magnis dis parturient montes, nascetur ridiculus mus. Fusce purus enim, hendrerit eget ullamcorper nec, condimentum quis libero. In porta sodales orci, et vestibulum est congue quis. Vestibulum quis ipsum sapien.
Curabitur nec tincidunt tortor. Nunc quis ante efficitur, laoreet lectus ut, faucibus libero. Sed commodo magna non molestie semper. Class aptent taciti sociosqu ad litora torquent per conubia nostra, per inceptos himenaeos. Praesent venenatis dignissim libero vitae placerat. Curabitur mollis nibh id odio fringilla suscipit. Etiam aliquam nibh nibh, eget venenatis dolor laoreet id. Quisque erat dolor, malesuada a justo et, tempor vestibulum enim. Phasellus id nisl vitae metus condimentum sagittis. Integer semper interdum mattis. Sed vulputate leo sit amet arcu dignissim tempor non interdum massa. Curabitur vitae aliquet tortor, et sagittis mauris. Integer pharetra erat nec ex bibendum luctus. Suspendisse nulla dui, venenatis eu massa id, porta suscipit tellus. Pellentesque quis enim vehicula, eleifend lacus a, bibendum justo. Phasellus tristique metus eu lorem luctus, ac sollicitudin ante accumsan.
Suspendisse malesuada ornare dui in varius. Sed vel ullamcorper nunc, at porttitor eros. Nam et nisi vitae dolor luctus placerat non in arcu. Ut finibus condimentum turpis, nec consequat lacus tempus id. Sed vitae justo non nulla aliquam eleifend. In ut efficitur diam. Nam pulvinar mauris ullamcorper pulvinar porttitor. Vestibulum consectetur porttitor aliquet. Vestibulum tellus ante, maximus at orci nec, blandit fringilla elit.

    </main>
  </div>,
  <footer />,
]
`;

exports[`layouts/default/layout sample matches snapshot 1`] = `
Array [
  <div
    className="sc-AxirZ eWvgOi"
  >
    <header
      className="MuiPaper-root MuiAppBar-root MuiAppBar-positionFixed MuiAppBar-colorPrimary mui-fixed MuiPaper-elevation4"
    >
      <div
        className="MuiToolbar-root MuiToolbar-regular MuiToolbar-gutters"
      >
        <button
          aria-label="menu"
          className="MuiButtonBase-root MuiIconButton-root makeStyles-menuButton-1 MuiIconButton-colorInherit MuiIconButton-edgeStart"
          disabled={false}
          onBlur={[Function]}
          onDragLeave={[Function]}
          onFocus={[Function]}
          onKeyDown={[Function]}
          onKeyUp={[Function]}
          onMouseDown={[Function]}
          onMouseLeave={[Function]}
          onMouseUp={[Function]}
          onTouchEnd={[Function]}
          onTouchMove={[Function]}
          onTouchStart={[Function]}
          tabIndex={0}
          type="button"
        >
          <span
            className="MuiIconButton-label"
          >
            <a
              href="/"
            >
              <svg
                aria-hidden={true}
                className="MuiSvgIcon-root"
                focusable="false"
                viewBox="0 0 24 24"
              >
                <path
                  d="M10 20v-6h4v6h5v-8h3L12 3 2 12h3v8z"
                />
              </svg>
            </a>
          </span>
        </button>
        <h6
          className="MuiTypography-root makeStyles-title-2 MuiTypography-h6"
        >
          Sample Site Title
        </h6>
        <button
          className="MuiButtonBase-root MuiButton-root MuiButton-text MuiButton-colorInherit"
          disabled={false}
          onBlur={[Function]}
          onClick={[Function]}
          onDragLeave={[Function]}
          onFocus={[Function]}
          onKeyDown={[Function]}
          onKeyUp={[Function]}
          onMouseDown={[Function]}
          onMouseLeave={[Function]}
          onMouseUp={[Function]}
          onTouchEnd={[Function]}
          onTouchMove={[Function]}
          onTouchStart={[Function]}
          tabIndex={0}
          type="button"
        >
          <span
            className="MuiButton-label"
          >
            Cart 
            <span
              className="MuiBadge-root"
            >
              <svg
                aria-hidden={true}
                className="MuiSvgIcon-root"
                focusable="false"
                viewBox="0 0 24 24"
              >
                <path
                  d="M7 18c-1.1 0-1.99.9-1.99 2S5.9 22 7 22s2-.9 2-2-.9-2-2-2zM1 2v2h2l3.6 7.59-1.35 2.45c-.16.28-.25.61-.25.96 0 1.1.9 2 2 2h12v-2H7.42c-.14 0-.25-.11-.25-.25l.03-.12.9-1.63h7.45c.75 0 1.41-.41 1.75-1.03l3.58-6.49c.08-.14.12-.31.12-.48 0-.55-.45-1-1-1H5.21l-.94-2H1zm16 16c-1.1 0-1.99.9-1.99 2s.89 2 1.99 2 2-.9 2-2-.9-2-2-2z"
                />
              </svg>
              <span
                className="MuiBadge-badge MuiBadge-anchorOriginTopRightRectangle MuiBadge-colorSecondary"
              >
                3
              </span>
            </span>
          </span>
        </button>
      </div>
    </header>
  </div>,
  <div
    className="MuiContainer-root MuiContainer-maxWidthLg"
  >
    <main
      style={
        Object {
          "marginTop": "72px",
        }
      }
    >
      
Lorem ipsum dolor sit amet, consectetur adipiscing elit. Donec vel dictum augue. Etiam egestas et metus sed blandit. Interdum et malesuada fames ac ante ipsum primis in faucibus. Mauris interdum tincidunt lacus et eleifend. Fusce convallis magna sit amet elit finibus pharetra. Vivamus dapibus sit amet nulla ut eleifend. Integer elementum, quam a convallis malesuada, ante eros maximus sapien, ac fringilla massa sapien non risus. Nunc eget vestibulum nunc. Phasellus mattis, erat a mattis ultrices, nulla erat laoreet quam, non eleifend dui diam quis elit. Donec sagittis vestibulum turpis sit amet scelerisque. Curabitur cursus et nisl eget mollis. Pellentesque tincidunt pretium felis non tempor. Ut tempus porttitor augue id elementum. Vestibulum finibus tempus neque, vel sagittis metus pellentesque sit amet. Curabitur ut sapien at ante maximus sollicitudin. Suspendisse potenti.
Pellentesque facilisis pharetra lorem nec tincidunt. Nunc et sagittis mi, eget volutpat nisi. Sed et nisi vitae augue hendrerit faucibus sit amet vel est. Integer accumsan mi bibendum finibus feugiat. Aenean ac interdum ipsum. Maecenas vitae tempor odio, ut euismod neque. Mauris ullamcorper suscipit magna a fringilla. Nulla et neque tincidunt, efficitur neque et, suscipit ligula. Aliquam non lorem a libero euismod suscipit. Ut faucibus suscipit dignissim. Suspendisse tincidunt facilisis commodo. Nunc nulla nunc, ornare id nulla in, condimentum auctor neque.
Vivamus at diam euismod, aliquet augue in, ornare diam. Phasellus posuere justo eu purus scelerisque eleifend. Proin eu ipsum volutpat, porta sapien quis, lobortis orci. Sed aliquam in velit at bibendum. In scelerisque, urna eget sollicitudin mollis, eros quam tristique mauris, nec ultricies libero orci vitae diam. Duis dictum pretium massa vel tincidunt. Quisque id semper sem. Orci varius natoque penatibus et magnis dis parturient montes, nascetur ridiculus mus. Fusce purus enim, hendrerit eget ullamcorper nec, condimentum quis libero. In porta sodales orci, et vestibulum est congue quis. Vestibulum quis ipsum sapien.
Curabitur nec tincidunt tortor. Nunc quis ante efficitur, laoreet lectus ut, faucibus libero. Sed commodo magna non molestie semper. Class aptent taciti sociosqu ad litora torquent per conubia nostra, per inceptos himenaeos. Praesent venenatis dignissim libero vitae placerat. Curabitur mollis nibh id odio fringilla suscipit. Etiam aliquam nibh nibh, eget venenatis dolor laoreet id. Quisque erat dolor, malesuada a justo et, tempor vestibulum enim. Phasellus id nisl vitae metus condimentum sagittis. Integer semper interdum mattis. Sed vulputate leo sit amet arcu dignissim tempor non interdum massa. Curabitur vitae aliquet tortor, et sagittis mauris. Integer pharetra erat nec ex bibendum luctus. Suspendisse nulla dui, venenatis eu massa id, porta suscipit tellus. Pellentesque quis enim vehicula, eleifend lacus a, bibendum justo. Phasellus tristique metus eu lorem luctus, ac sollicitudin ante accumsan.
Suspendisse malesuada ornare dui in varius. Sed vel ullamcorper nunc, at porttitor eros. Nam et nisi vitae dolor luctus placerat non in arcu. Ut finibus condimentum turpis, nec consequat lacus tempus id. Sed vitae justo non nulla aliquam eleifend. In ut efficitur diam. Nam pulvinar mauris ullamcorper pulvinar porttitor. Vestibulum consectetur porttitor aliquet. Vestibulum tellus ante, maximus at orci nec, blandit fringilla elit.

    </main>
  </div>,
  <footer />,
]
`;
